// Vitest Snapshot v1, https://vitest.dev/guide/snapshot.html

exports[`unit:comment > should be named comment construct 1`] = `
{
  "continuation": {
    "tokenize": [Function tokenizeLineCommentContinuation],
  },
  "exit": [Function exitLineComment],
  "name": "comment:yaml",
  "tokenize": [Function tokenizeLineComment],
}
`;
